[2m2026-06-30T04:34:12.023437Z[0m [32m INFO[0m [2msuperbank_solparq::server[0m[2m:[0m superbank-solparq server mode started [3mops_port[0m[2m=[0m30303 [3mmetrics_port[0m[2m=[0m31313
[2m2026-06-30T04:34:12.023602Z[0m [32m INFO[0m [2msuperbank_solparq::server[0m[2m:[0m metrics listening on http://0.0.0.0:31313/metrics
[2m2026-06-30T04:34:12.023981Z[0m [32m INFO[0m [2msuperbank_solparq::server[0m[2m:[0m ops dashboard listening on http://0.0.0.0:30303
[2m2026-06-30T04:34:12.024964Z[0m [32m INFO[0m [2msuperbank_solparq::server[0m[2m:[0m checking for archiving tasks [3marchive_types[0m[2m=[0m1
[2m2026-06-30T04:34:12.025021Z[0m [32m INFO[0m [2msuperbank_solparq::server[0m[2m:[0m checking archive task [3marchive_kind[0m[2m=[0m"custom:500"
[2m2026-06-30T04:34:12.141876Z[0m [32m INFO[0m [2msuperbank_solparq::archive[0m[2m:[0m checking ClickHouse archive source [3marchive_kind[0m[2m=[0m"custom:500" [3mtransactions_table[0m[2m=[0m"transactions" [3mblocks_table[0m[2m=[0m"blocks_metadata"
[2m2026-06-30T04:34:14.800589Z[0m [32m INFO[0m [2msuperbank_solparq::archive[0m[2m:[0m resolved DB archive table set [3marchive_kind[0m[2m=[0m"custom:500" [3marchive_tables[0m[2m=[0m5 [3mskipped_optional_archive_tables[0m[2m=[0m2
[2m2026-06-30T04:34:15.274406Z[0m [32m INFO[0m [2msuperbank_solparq::archive[0m[2m:[0m ClickHouse archive source has slots available [3marchive_kind[0m[2m=[0m"custom:500" [3mearliest_slot[0m[2m=[0m429597556 [3mlatest_slot[0m[2m=[0m429807950 [3mslots_available[0m[2m=[0m210395
[2m2026-06-30T04:34:16.740323Z[0m [32m INFO[0m [2msuperbank_solparq::archive[0m[2m:[0m archive task is ready to run [3marchive_kind[0m[2m=[0m"custom:500" [3marchive_name[0m[2m=[0m"custom_994_429597556-429598055.parquet" [3mstart_slot[0m[2m=[0m429597556 [3mend_slot[0m[2m=[0m429598055
[2m2026-06-30T04:34:19.436165Z[0m [32m INFO[0m [2msuperbank_solparq::archive[0m[2m:[0m archive validation gap summary [3marchive_kind[0m[2m=[0m"custom:500" [3mmissing_block_gap_count[0m[2m=[0m0 [3mmissing_block_ranges[0m[2m=[0m"none" [3mnot_produced_gap_count[0m[2m=[0m0 [3mnot_produced_slot_ranges[0m[2m=[0m"none" [3mtransaction_mismatch_gap_count[0m[2m=[0m0 [3mtransaction_mismatch_ranges[0m[2m=[0m"none" [3mrpc_check_error[0m[2m=[0m"none"
[2m2026-06-30T04:34:19.436218Z[0m [32m INFO[0m [2msuperbank_solparq::archive[0m[2m:[0m creating archive [3marchive_kind[0m[2m=[0m"custom:500" [3marchive_name[0m[2m=[0m"custom_994_429597556-429598055" [3mstart_slot[0m[2m=[0m429597556 [3mend_slot[0m[2m=[0m429598055
[2m2026-06-30T04:34:19.436223Z[0m [32m INFO[0m [2msuperbank_solparq::archive[0m[2m:[0m creating S3 archive table parquet [3marchive_kind[0m[2m=[0m"custom:500" [3marchive_name[0m[2m=[0m"custom_994_429597556-429598055" [3marchive_table[0m[2m=[0m"transactions" [3mtable_name[0m[2m=[0m"transactions"
[2m2026-06-30T04:34:24.513759Z[0m [32m INFO[0m [2msuperbank_solparq::archive[0m[2m:[0m creating S3 archive table parquet [3marchive_kind[0m[2m=[0m"custom:500" [3marchive_name[0m[2m=[0m"custom_994_429597556-429598055" [3marchive_table[0m[2m=[0m"blocks_metadata" [3mtable_name[0m[2m=[0m"blocks_metadata"
[2m2026-06-30T04:34:26.006006Z[0m [32m INFO[0m [2msuperbank_solparq::archive[0m[2m:[0m creating S3 archive table parquet [3marchive_kind[0m[2m=[0m"custom:500" [3marchive_name[0m[2m=[0m"custom_994_429597556-429598055" [3marchive_table[0m[2m=[0m"entries" [3mtable_name[0m[2m=[0m"entries"
[2m2026-06-30T04:34:27.733195Z[0m [32m INFO[0m [2msuperbank_solparq::archive[0m[2m:[0m creating S3 archive table parquet [3marchive_kind[0m[2m=[0m"custom:500" [3marchive_name[0m[2m=[0m"custom_994_429597556-429598055" [3marchive_table[0m[2m=[0m"gsfa" [3mtable_name[0m[2m=[0m"gsfa"
[2m2026-06-30T04:34:45.572130Z[0m [32m INFO[0m [2msuperbank_solparq::archive[0m[2m:[0m creating S3 archive table parquet [3marchive_kind[0m[2m=[0m"custom:500" [3marchive_name[0m[2m=[0m"custom_994_429597556-429598055" [3marchive_table[0m[2m=[0m"signatures" [3mtable_name[0m[2m=[0m"signatures"
[2m2026-06-30T04:35:12.025289Z[0m [32m INFO[0m [2msuperbank_solparq::server[0m[2m:[0m checking for archiving tasks [3marchive_types[0m[2m=[0m1
[2m2026-06-30T04:35:12.025338Z[0m [32m INFO[0m [2msuperbank_solparq::server[0m[2m:[0m archive task not started [3marchive_kind[0m[2m=[0m"custom:500" [3mreason[0m[2m=[0m"archive task already running"
[2m2026-06-30T04:35:26.834866Z[0m [32m INFO[0m [2mobject_store::client::get[0m[2m:[0m Encountered error while reading response body: HTTP error: request or response body error. Retrying in 0.1s
[2m2026-06-30T04:36:12.023310Z[0m [32m INFO[0m [2msuperbank_solparq::server[0m[2m:[0m checking for archiving tasks [3marchive_types[0m[2m=[0m1
[2m2026-06-30T04:36:12.023353Z[0m [32m INFO[0m [2msuperbank_solparq::server[0m[2m:[0m archive task not started [3marchive_kind[0m[2m=[0m"custom:500" [3mreason[0m[2m=[0m"archive task already running"
[2m2026-06-30T04:36:30.105610Z[0m [32m INFO[0m [2msuperbank_solparq::archive[0m[2m:[0m archive task completed [3marchive_kind[0m[2m=[0m"custom:500" [3marchive_name[0m[2m=[0m"custom_994_429597556-429598055" [3mcleaned_archives[0m[2m=[0m10
[2m2026-06-30T04:36:30.105712Z[0m [32m INFO[0m [2msuperbank_solparq::server[0m[2m:[0m archive task created archive [3marchive_kind[0m[2m=[0m"custom:500" [3marchive_name[0m[2m=[0m"custom_994_429597556-429598055" [3mstart_slot[0m[2m=[0m429597556 [3mend_slot[0m[2m=[0m429598055 [3mdestination[0m[2m=[0m"s3://solparq/archives/test/custom"
[2m2026-06-30T04:37:12.023865Z[0m [32m INFO[0m [2msuperbank_solparq::server[0m[2m:[0m checking for archiving tasks [3marchive_types[0m[2m=[0m1
[2m2026-06-30T04:37:12.023925Z[0m [32m INFO[0m [2msuperbank_solparq::server[0m[2m:[0m checking archive task [3marchive_kind[0m[2m=[0m"custom:500"
[2m2026-06-30T04:37:12.148742Z[0m [32m INFO[0m [2msuperbank_solparq::archive[0m[2m:[0m checking ClickHouse archive source [3marchive_kind[0m[2m=[0m"custom:500" [3mtransactions_table[0m[2m=[0m"transactions" [3mblocks_table[0m[2m=[0m"blocks_metadata"
[2m2026-06-30T04:37:14.752300Z[0m [32m INFO[0m [2msuperbank_solparq::archive[0m[2m:[0m resolved DB archive table set [3marchive_kind[0m[2m=[0m"custom:500" [3marchive_tables[0m[2m=[0m5 [3mskipped_optional_archive_tables[0m[2m=[0m2
[2m2026-06-30T04:37:15.221409Z[0m [32m INFO[0m [2msuperbank_solparq::archive[0m[2m:[0m ClickHouse archive source has slots available [3marchive_kind[0m[2m=[0m"custom:500" [3mearliest_slot[0m[2m=[0m429597556 [3mlatest_slot[0m[2m=[0m429808391 [3mslots_available[0m[2m=[0m210836
[2m2026-06-30T04:37:16.445098Z[0m [32m INFO[0m [2msuperbank_solparq::archive[0m[2m:[0m archive task is ready to run [3marchive_kind[0m[2m=[0m"custom:500" [3marchive_name[0m[2m=[0m"custom_994_429598056-429598555.parquet" [3mstart_slot[0m[2m=[0m429598056 [3mend_slot[0m[2m=[0m429598555
[2m2026-06-30T04:37:19.142122Z[0m [32m INFO[0m [2msuperbank_solparq::archive[0m[2m:[0m archive validation gap summary [3marchive_kind[0m[2m=[0m"custom:500" [3mmissing_block_gap_count[0m[2m=[0m0 [3mmissing_block_ranges[0m[2m=[0m"none" [3mnot_produced_gap_count[0m[2m=[0m0 [3mnot_produced_slot_ranges[0m[2m=[0m"none" [3mtransaction_mismatch_gap_count[0m[2m=[0m0 [3mtransaction_mismatch_ranges[0m[2m=[0m"none" [3mrpc_check_error[0m[2m=[0m"none"
[2m2026-06-30T04:37:19.142161Z[0m [32m INFO[0m [2msuperbank_solparq::archive[0m[2m:[0m creating archive [3marchive_kind[0m[2m=[0m"custom:500" [3marchive_name[0m[2m=[0m"custom_994_429598056-429598555" [3mstart_slot[0m[2m=[0m429598056 [3mend_slot[0m[2m=[0m429598555
[2m2026-06-30T04:37:19.142168Z[0m [32m INFO[0m [2msuperbank_solparq::archive[0m[2m:[0m creating S3 archive table parquet [3marchive_kind[0m[2m=[0m"custom:500" [3marchive_name[0m[2m=[0m"custom_994_429598056-429598555" [3marchive_table[0m[2m=[0m"transactions" [3mtable_name[0m[2m=[0m"transactions"
[2m2026-06-30T04:37:24.293461Z[0m [32m INFO[0m [2msuperbank_solparq::archive[0m[2m:[0m creating S3 archive table parquet [3marchive_kind[0m[2m=[0m"custom:500" [3marchive_name[0m[2m=[0m"custom_994_429598056-429598555" [3marchive_table[0m[2m=[0m"blocks_metadata" [3mtable_name[0m[2m=[0m"blocks_metadata"
[2m2026-06-30T04:37:26.430924Z[0m [32m INFO[0m [2msuperbank_solparq::archive[0m[2m:[0m creating S3 archive table parquet [3marchive_kind[0m[2m=[0m"custom:500" [3marchive_name[0m[2m=[0m"custom_994_429598056-429598555" [3marchive_table[0m[2m=[0m"entries" [3mtable_name[0m[2m=[0m"entries"
[2m2026-06-30T04:37:27.909732Z[0m [32m INFO[0m [2msuperbank_solparq::archive[0m[2m:[0m creating S3 archive table parquet [3marchive_kind[0m[2m=[0m"custom:500" [3marchive_name[0m[2m=[0m"custom_994_429598056-429598555" [3marchive_table[0m[2m=[0m"gsfa" [3mtable_name[0m[2m=[0m"gsfa"
[2m2026-06-30T04:37:49.914167Z[0m [32m INFO[0m [2msuperbank_solparq::archive[0m[2m:[0m creating S3 archive table parquet [3marchive_kind[0m[2m=[0m"custom:500" [3marchive_name[0m[2m=[0m"custom_994_429598056-429598555" [3marchive_table[0m[2m=[0m"signatures" [3mtable_name[0m[2m=[0m"signatures"
[2m2026-06-30T04:38:12.022863Z[0m [32m INFO[0m [2msuperbank_solparq::server[0m[2m:[0m checking for archiving tasks [3marchive_types[0m[2m=[0m1
[2m2026-06-30T04:38:12.022903Z[0m [32m INFO[0m [2msuperbank_solparq::server[0m[2m:[0m archive task not started [3marchive_kind[0m[2m=[0m"custom:500" [3mreason[0m[2m=[0m"archive task already running"
[2m2026-06-30T04:38:27.636344Z[0m [32m INFO[0m [2mobject_store::client::get[0m[2m:[0m Encountered error while reading response body: HTTP error: request or response body error. Retrying in 0.1s
[2m2026-06-30T04:39:04.724933Z[0m [32m INFO[0m [2msuperbank_solparq::archive[0m[2m:[0m archive task completed [3marchive_kind[0m[2m=[0m"custom:500" [3marchive_name[0m[2m=[0m"custom_994_429598056-429598555" [3mcleaned_archives[0m[2m=[0m1
[2m2026-06-30T04:39:04.725007Z[0m [32m INFO[0m [2msuperbank_solparq::server[0m[2m:[0m archive task created archive [3marchive_kind[0m[2m=[0m"custom:500" [3marchive_name[0m[2m=[0m"custom_994_429598056-429598555" [3mstart_slot[0m[2m=[0m429598056 [3mend_slot[0m[2m=[0m429598555 [3mdestination[0m[2m=[0m"s3://solparq/archives/test/custom"
[2m2026-06-30T04:39:12.021908Z[0m [32m INFO[0m [2msuperbank_solparq::server[0m[2m:[0m checking for archiving tasks [3marchive_types[0m[2m=[0m1
[2m2026-06-30T04:39:12.021965Z[0m [32m INFO[0m [2msuperbank_solparq::server[0m[2m:[0m checking archive task [3marchive_kind[0m[2m=[0m"custom:500"
[2m2026-06-30T04:39:12.139851Z[0m [32m INFO[0m [2msuperbank_solparq::archive[0m[2m:[0m checking ClickHouse archive source [3marchive_kind[0m[2m=[0m"custom:500" [3mtransactions_table[0m[2m=[0m"transactions" [3mblocks_table[0m[2m=[0m"blocks_metadata"
[2m2026-06-30T04:39:15.321585Z[0m [32m INFO[0m [2msuperbank_solparq::archive[0m[2m:[0m resolved DB archive table set [3marchive_kind[0m[2m=[0m"custom:500" [3marchive_tables[0m[2m=[0m5 [3mskipped_optional_archive_tables[0m[2m=[0m2
[2m2026-06-30T04:39:15.793076Z[0m [32m INFO[0m [2msuperbank_solparq::archive[0m[2m:[0m ClickHouse archive source has slots available [3marchive_kind[0m[2m=[0m"custom:500" [3mearliest_slot[0m[2m=[0m429597556 [3mlatest_slot[0m[2m=[0m429808681 [3mslots_available[0m[2m=[0m211126
[2m2026-06-30T04:39:17.015965Z[0m [32m INFO[0m [2msuperbank_solparq::archive[0m[2m:[0m archive task is ready to run [3marchive_kind[0m[2m=[0m"custom:500" [3marchive_name[0m[2m=[0m"custom_994_429598556-429599055.parquet" [3mstart_slot[0m[2m=[0m429598556 [3mend_slot[0m[2m=[0m429599055
[2m2026-06-30T04:39:19.701302Z[0m [32m INFO[0m [2msuperbank_solparq::server[0m[2m:[0m shutdown signal received; finishing current archive before exit [3msignal[0m[2m=[0mctrl-c
[2m2026-06-30T04:39:19.701355Z[0m [32m INFO[0m [2msuperbank_solparq::server[0m[2m:[0m archive loop shutdown requested before next check
[2m2026-06-30T04:39:19.780159Z[0m [32m INFO[0m [2msuperbank_solparq::archive[0m[2m:[0m archive validation gap summary [3marchive_kind[0m[2m=[0m"custom:500" [3mmissing_block_gap_count[0m[2m=[0m0 [3mmissing_block_ranges[0m[2m=[0m"none" [3mnot_produced_gap_count[0m[2m=[0m0 [3mnot_produced_slot_ranges[0m[2m=[0m"none" [3mtransaction_mismatch_gap_count[0m[2m=[0m0 [3mtransaction_mismatch_ranges[0m[2m=[0m"none" [3mrpc_check_error[0m[2m=[0m"none"
[2m2026-06-30T04:39:19.780199Z[0m [32m INFO[0m [2msuperbank_solparq::archive[0m[2m:[0m creating archive [3marchive_kind[0m[2m=[0m"custom:500" [3marchive_name[0m[2m=[0m"custom_994_429598556-429599055" [3mstart_slot[0m[2m=[0m429598556 [3mend_slot[0m[2m=[0m429599055
[2m2026-06-30T04:39:19.780207Z[0m [32m INFO[0m [2msuperbank_solparq::archive[0m[2m:[0m creating S3 archive table parquet [3marchive_kind[0m[2m=[0m"custom:500" [3marchive_name[0m[2m=[0m"custom_994_429598556-429599055" [3marchive_table[0m[2m=[0m"transactions" [3mtable_name[0m[2m=[0m"transactions"
[2m2026-06-30T04:39:25.345353Z[0m [32m INFO[0m [2msuperbank_solparq::archive[0m[2m:[0m creating S3 archive table parquet [3marchive_kind[0m[2m=[0m"custom:500" [3marchive_name[0m[2m=[0m"custom_994_429598556-429599055" [3marchive_table[0m[2m=[0m"blocks_metadata" [3mtable_name[0m[2m=[0m"blocks_metadata"
[2m2026-06-30T04:39:26.516473Z[0m [32m INFO[0m [2msuperbank_solparq::archive[0m[2m:[0m creating S3 archive table parquet [3marchive_kind[0m[2m=[0m"custom:500" [3marchive_name[0m[2m=[0m"custom_994_429598556-429599055" [3marchive_table[0m[2m=[0m"entries" [3mtable_name[0m[2m=[0m"entries"
[2m2026-06-30T04:39:28.173919Z[0m [32m INFO[0m [2msuperbank_solparq::archive[0m[2m:[0m creating S3 archive table parquet [3marchive_kind[0m[2m=[0m"custom:500" [3marchive_name[0m[2m=[0m"custom_994_429598556-429599055" [3marchive_table[0m[2m=[0m"gsfa" [3mtable_name[0m[2m=[0m"gsfa"
[2m2026-06-30T04:39:48.027765Z[0m [32m INFO[0m [2msuperbank_solparq::archive[0m[2m:[0m creating S3 archive table parquet [3marchive_kind[0m[2m=[0m"custom:500" [3marchive_name[0m[2m=[0m"custom_994_429598556-429599055" [3marchive_table[0m[2m=[0m"signatures" [3mtable_name[0m[2m=[0m"signatures"
[2m2026-06-30T04:40:25.270951Z[0m [32m INFO[0m [2mobject_store::client::get[0m[2m:[0m Encountered error while reading response body: HTTP error: request or response body error. Retrying in 0.1s
[2m2026-06-30T04:40:45.932615Z[0m [33m WARN[0m [2msuperbank_solparq::server[0m[2m:[0m second shutdown signal received; aborting immediately [3msignal[0m[2m=[0mctrl-c
[2m2026-06-30T04:41:09.055373Z[0m [32m INFO[0m [2msuperbank_solparq::server[0m[2m:[0m superbank-solparq server mode started [3mops_port[0m[2m=[0m30303 [3mmetrics_port[0m[2m=[0m31313
[2m2026-06-30T04:41:09.055855Z[0m [32m INFO[0m [2msuperbank_solparq::server[0m[2m:[0m metrics listening on http://0.0.0.0:31313/metrics
[2m2026-06-30T04:41:09.056074Z[0m [32m INFO[0m [2msuperbank_solparq::server[0m[2m:[0m ops dashboard listening on http://0.0.0.0:30303
[2m2026-06-30T04:41:09.056804Z[0m [32m INFO[0m [2msuperbank_solparq::server[0m[2m:[0m checking for archiving tasks [3marchive_types[0m[2m=[0m1
[2m2026-06-30T04:41:09.056834Z[0m [32m INFO[0m [2msuperbank_solparq::server[0m[2m:[0m checking archive task [3marchive_kind[0m[2m=[0m"custom:500"
[2m2026-06-30T04:41:09.171808Z[0m [32m INFO[0m [2msuperbank_solparq::archive[0m[2m:[0m checking ClickHouse archive source [3marchive_kind[0m[2m=[0m"custom:500" [3mtransactions_table[0m[2m=[0m"transactions" [3mblocks_table[0m[2m=[0m"blocks_metadata"
[2m2026-06-30T04:41:11.775769Z[0m [32m INFO[0m [2msuperbank_solparq::archive[0m[2m:[0m resolved DB archive table set [3marchive_kind[0m[2m=[0m"custom:500" [3marchive_tables[0m[2m=[0m5 [3mskipped_optional_archive_tables[0m[2m=[0m2
[2m2026-06-30T04:41:12.242965Z[0m [32m INFO[0m [2msuperbank_solparq::archive[0m[2m:[0m ClickHouse archive source has slots available [3marchive_kind[0m[2m=[0m"custom:500" [3mearliest_slot[0m[2m=[0m429597556 [3mlatest_slot[0m[2m=[0m429808970 [3mslots_available[0m[2m=[0m211415
[2m2026-06-30T04:41:13.391557Z[0m [32m INFO[0m [2msuperbank_solparq::archive[0m[2m:[0m archive task is ready to run [3marchive_kind[0m[2m=[0m"custom:500" [3marchive_name[0m[2m=[0m"custom_994_429598556-429599055.parquet" [3mstart_slot[0m[2m=[0m429598556 [3mend_slot[0m[2m=[0m429599055
[2m2026-06-30T04:41:16.303653Z[0m [32m INFO[0m [2msuperbank_solparq::archive[0m[2m:[0m archive validation gap summary [3marchive_kind[0m[2m=[0m"custom:500" [3mmissing_block_gap_count[0m[2m=[0m0 [3mmissing_block_ranges[0m[2m=[0m"none" [3mnot_produced_gap_count[0m[2m=[0m0 [3mnot_produced_slot_ranges[0m[2m=[0m"none" [3mtransaction_mismatch_gap_count[0m[2m=[0m0 [3mtransaction_mismatch_ranges[0m[2m=[0m"none" [3mrpc_check_error[0m[2m=[0m"none"
[2m2026-06-30T04:41:16.303670Z[0m [32m INFO[0m [2msuperbank_solparq::archive[0m[2m:[0m creating archive [3marchive_kind[0m[2m=[0m"custom:500" [3marchive_name[0m[2m=[0m"custom_994_429598556-429599055" [3mstart_slot[0m[2m=[0m429598556 [3mend_slot[0m[2m=[0m429599055
[2m2026-06-30T04:41:16.303674Z[0m [32m INFO[0m [2msuperbank_solparq::archive[0m[2m:[0m creating S3 archive table parquet [3marchive_kind[0m[2m=[0m"custom:500" [3marchive_name[0m[2m=[0m"custom_994_429598556-429599055" [3marchive_table[0m[2m=[0m"transactions" [3mtable_name[0m[2m=[0m"transactions"
[2m2026-06-30T04:41:16.615387Z[0m [31mERROR[0m [2msuperbank_solparq::server[0m[2m:[0m archive task failed [3marchive_kind[0m[2m=[0m"custom:500" [3merr[0m[2m=[0mClickHouse query failed with status 400 Bad Request: Code: 36. DB::Exception: Object in bucket solparq with key archives/test/custom/custom_994_429598556-429599055/transactions.parquet already exists. If you want to overwrite it, enable setting s3_truncate_on_insert, if you want to create a new file on each insert, enable setting s3_create_new_file_on_insert. (BAD_ARGUMENTS) (version 25.8.11.66 (official build))
; query: INSERT INTO FUNCTION s3(
  'https://s3.eu-central-003.backblazeb2.com/solparq/archives/test/custom/custom_994_429598556-429599055/transactions.parquet',
  '0031df395c3cce70000000056',
  'K0030v6eo3/6n+gH2MXEIGdNmHtPo7w',
  'Parquet'
)
SELECT *
FROM transactions
WHERE slot BETWEEN 429598556 AND 429599055
ORDER BY slot, slot_idx, signature
[2m2026-06-30T04:42:06.074709Z[0m [32m INFO[0m [2msuperbank_solparq::server[0m[2m:[0m shutdown signal received; finishing current archive before exit [3msignal[0m[2m=[0mctrl-c
[2m2026-06-30T04:42:06.074769Z[0m [32m INFO[0m [2msuperbank_solparq::server[0m[2m:[0m archive loop shutdown requested before next check
[2m2026-06-30T04:42:06.074951Z[0m [32m INFO[0m [2msuperbank_solparq::server[0m[2m:[0m graceful shutdown completed
[2m2026-06-30T04:44:48.593935Z[0m [32m INFO[0m [2msuperbank_solparq::server[0m[2m:[0m superbank-solparq server mode started [3mops_port[0m[2m=[0m30303 [3mmetrics_port[0m[2m=[0m31313
[2m2026-06-30T04:44:48.594061Z[0m [32m INFO[0m [2msuperbank_solparq::server[0m[2m:[0m metrics listening on http://0.0.0.0:31313/metrics
[2m2026-06-30T04:44:48.594735Z[0m [32m INFO[0m [2msuperbank_solparq::server[0m[2m:[0m ops dashboard listening on http://0.0.0.0:30303
[2m2026-06-30T04:44:48.595200Z[0m [32m INFO[0m [2msuperbank_solparq::server[0m[2m:[0m checking for archiving tasks [3marchive_types[0m[2m=[0m1
[2m2026-06-30T04:44:48.595218Z[0m [32m INFO[0m [2msuperbank_solparq::server[0m[2m:[0m checking archive task [3marchive_kind[0m[2m=[0m"custom:500"
[2m2026-06-30T04:44:48.708420Z[0m [32m INFO[0m [2msuperbank_solparq::archive[0m[2m:[0m checking ClickHouse archive source [3marchive_kind[0m[2m=[0m"custom:500" [3mtransactions_table[0m[2m=[0m"transactions" [3mblocks_table[0m[2m=[0m"blocks_metadata"
[2m2026-06-30T04:44:51.003465Z[0m [32m INFO[0m [2msuperbank_solparq::archive[0m[2m:[0m resolved DB archive table set [3marchive_kind[0m[2m=[0m"custom:500" [3marchive_tables[0m[2m=[0m5 [3mskipped_optional_archive_tables[0m[2m=[0m2
[2m2026-06-30T04:44:51.475060Z[0m [32m INFO[0m [2msuperbank_solparq::archive[0m[2m:[0m ClickHouse archive source has slots available [3marchive_kind[0m[2m=[0m"custom:500" [3mearliest_slot[0m[2m=[0m429597556 [3mlatest_slot[0m[2m=[0m429809511 [3mslots_available[0m[2m=[0m211956
[2m2026-06-30T04:44:52.630450Z[0m [32m INFO[0m [2msuperbank_solparq::archive[0m[2m:[0m archive task is ready to run [3marchive_kind[0m[2m=[0m"custom:500" [3marchive_name[0m[2m=[0m"custom_994_429598556-429599055.parquet" [3mstart_slot[0m[2m=[0m429598556 [3mend_slot[0m[2m=[0m429599055
[2m2026-06-30T04:44:55.140946Z[0m [32m INFO[0m [2msuperbank_solparq::archive[0m[2m:[0m archive validation gap summary [3marchive_kind[0m[2m=[0m"custom:500" [3mmissing_block_gap_count[0m[2m=[0m0 [3mmissing_block_ranges[0m[2m=[0m"none" [3mnot_produced_gap_count[0m[2m=[0m0 [3mnot_produced_slot_ranges[0m[2m=[0m"none" [3mtransaction_mismatch_gap_count[0m[2m=[0m0 [3mtransaction_mismatch_ranges[0m[2m=[0m"none" [3mrpc_check_error[0m[2m=[0m"none"
[2m2026-06-30T04:44:56.163870Z[0m [32m INFO[0m [2msuperbank_solparq::archive[0m[2m:[0m creating archive [3marchive_kind[0m[2m=[0m"custom:500" [3marchive_name[0m[2m=[0m"custom_994_429598556-429599055" [3mstart_slot[0m[2m=[0m429598556 [3mend_slot[0m[2m=[0m429599055
[2m2026-06-30T04:44:56.163894Z[0m [32m INFO[0m [2msuperbank_solparq::archive[0m[2m:[0m creating S3 archive table parquet [3marchive_kind[0m[2m=[0m"custom:500" [3marchive_name[0m[2m=[0m"custom_994_429598556-429599055" [3marchive_table[0m[2m=[0m"transactions" [3mtable_name[0m[2m=[0m"transactions"
[2m2026-06-30T04:45:01.300253Z[0m [32m INFO[0m [2msuperbank_solparq::archive[0m[2m:[0m creating S3 archive table parquet [3marchive_kind[0m[2m=[0m"custom:500" [3marchive_name[0m[2m=[0m"custom_994_429598556-429599055" [3marchive_table[0m[2m=[0m"blocks_metadata" [3mtable_name[0m[2m=[0m"blocks_metadata"
[2m2026-06-30T04:45:03.237158Z[0m [32m INFO[0m [2msuperbank_solparq::archive[0m[2m:[0m creating S3 archive table parquet [3marchive_kind[0m[2m=[0m"custom:500" [3marchive_name[0m[2m=[0m"custom_994_429598556-429599055" [3marchive_table[0m[2m=[0m"entries" [3mtable_name[0m[2m=[0m"entries"
[2m2026-06-30T04:45:05.305934Z[0m [32m INFO[0m [2msuperbank_solparq::archive[0m[2m:[0m creating S3 archive table parquet [3marchive_kind[0m[2m=[0m"custom:500" [3marchive_name[0m[2m=[0m"custom_994_429598556-429599055" [3marchive_table[0m[2m=[0m"gsfa" [3mtable_name[0m[2m=[0m"gsfa"
[2m2026-06-30T04:45:23.554523Z[0m [32m INFO[0m [2msuperbank_solparq::archive[0m[2m:[0m creating S3 archive table parquet [3marchive_kind[0m[2m=[0m"custom:500" [3marchive_name[0m[2m=[0m"custom_994_429598556-429599055" [3marchive_table[0m[2m=[0m"signatures" [3mtable_name[0m[2m=[0m"signatures"
[2m2026-06-30T04:45:48.593503Z[0m [32m INFO[0m [2msuperbank_solparq::server[0m[2m:[0m checking for archiving tasks [3marchive_types[0m[2m=[0m1
[2m2026-06-30T04:45:48.593530Z[0m [32m INFO[0m [2msuperbank_solparq::server[0m[2m:[0m archive task not started [3marchive_kind[0m[2m=[0m"custom:500" [3mreason[0m[2m=[0m"archive task already running"
[2m2026-06-30T04:46:00.703777Z[0m [32m INFO[0m [2mobject_store::client::get[0m[2m:[0m Encountered error while reading response body: HTTP error: request or response body error. Retrying in 0.1s
[2m2026-06-30T04:46:36.974263Z[0m [32m INFO[0m [2msuperbank_solparq::archive[0m[2m:[0m archive task completed [3marchive_kind[0m[2m=[0m"custom:500" [3marchive_name[0m[2m=[0m"custom_994_429598556-429599055" [3mcleaned_archives[0m[2m=[0m1
[2m2026-06-30T04:46:36.974415Z[0m [32m INFO[0m [2msuperbank_solparq::server[0m[2m:[0m archive task created archive [3marchive_kind[0m[2m=[0m"custom:500" [3marchive_name[0m[2m=[0m"custom_994_429598556-429599055" [3mstart_slot[0m[2m=[0m429598556 [3mend_slot[0m[2m=[0m429599055 [3mdestination[0m[2m=[0m"s3://solparq/archives/test/custom"
[2m2026-06-30T04:46:48.594051Z[0m [32m INFO[0m [2msuperbank_solparq::server[0m[2m:[0m checking for archiving tasks [3marchive_types[0m[2m=[0m1
[2m2026-06-30T04:46:48.594095Z[0m [32m INFO[0m [2msuperbank_solparq::server[0m[2m:[0m checking archive task [3marchive_kind[0m[2m=[0m"custom:500"
[2m2026-06-30T04:46:48.708125Z[0m [32m INFO[0m [2msuperbank_solparq::archive[0m[2m:[0m checking ClickHouse archive source [3marchive_kind[0m[2m=[0m"custom:500" [3mtransactions_table[0m[2m=[0m"transactions" [3mblocks_table[0m[2m=[0m"blocks_metadata"
[2m2026-06-30T04:46:51.607678Z[0m [32m INFO[0m [2msuperbank_solparq::archive[0m[2m:[0m resolved DB archive table set [3marchive_kind[0m[2m=[0m"custom:500" [3marchive_tables[0m[2m=[0m5 [3mskipped_optional_archive_tables[0m[2m=[0m2
[2m2026-06-30T04:46:52.072868Z[0m [32m INFO[0m [2msuperbank_solparq::archive[0m[2m:[0m ClickHouse archive source has slots available [3marchive_kind[0m[2m=[0m"custom:500" [3mearliest_slot[0m[2m=[0m429597556 [3mlatest_slot[0m[2m=[0m429809807 [3mslots_available[0m[2m=[0m212252
[2m2026-06-30T04:46:53.215871Z[0m [32m INFO[0m [2msuperbank_solparq::archive[0m[2m:[0m archive task is ready to run [3marchive_kind[0m[2m=[0m"custom:500" [3marchive_name[0m[2m=[0m"custom_994_429599056-429599555.parquet" [3mstart_slot[0m[2m=[0m429599056 [3mend_slot[0m[2m=[0m429599555
[2m2026-06-30T04:46:55.789448Z[0m [32m INFO[0m [2msuperbank_solparq::archive[0m[2m:[0m archive validation gap summary [3marchive_kind[0m[2m=[0m"custom:500" [3mmissing_block_gap_count[0m[2m=[0m0 [3mmissing_block_ranges[0m[2m=[0m"none" [3mnot_produced_gap_count[0m[2m=[0m1 [3mnot_produced_slot_ranges[0m[2m=[0m"429599166" [3mtransaction_mismatch_gap_count[0m[2m=[0m0 [3mtransaction_mismatch_ranges[0m[2m=[0m"none" [3mrpc_check_error[0m[2m=[0m"none"
[2m2026-06-30T04:46:56.891561Z[0m [32m INFO[0m [2msuperbank_solparq::archive[0m[2m:[0m creating archive [3marchive_kind[0m[2m=[0m"custom:500" [3marchive_name[0m[2m=[0m"custom_994_429599056-429599555" [3mstart_slot[0m[2m=[0m429599056 [3mend_slot[0m[2m=[0m429599555
[2m2026-06-30T04:46:56.891593Z[0m [32m INFO[0m [2msuperbank_solparq::archive[0m[2m:[0m creating S3 archive table parquet [3marchive_kind[0m[2m=[0m"custom:500" [3marchive_name[0m[2m=[0m"custom_994_429599056-429599555" [3marchive_table[0m[2m=[0m"transactions" [3mtable_name[0m[2m=[0m"transactions"
[2m2026-06-30T04:47:01.175647Z[0m [32m INFO[0m [2msuperbank_solparq::archive[0m[2m:[0m creating S3 archive table parquet [3marchive_kind[0m[2m=[0m"custom:500" [3marchive_name[0m[2m=[0m"custom_994_429599056-429599555" [3marchive_table[0m[2m=[0m"blocks_metadata" [3mtable_name[0m[2m=[0m"blocks_metadata"
[2m2026-06-30T04:47:02.290567Z[0m [32m INFO[0m [2msuperbank_solparq::archive[0m[2m:[0m creating S3 archive table parquet [3marchive_kind[0m[2m=[0m"custom:500" [3marchive_name[0m[2m=[0m"custom_994_429599056-429599555" [3marchive_table[0m[2m=[0m"entries" [3mtable_name[0m[2m=[0m"entries"
[2m2026-06-30T04:47:04.169750Z[0m [32m INFO[0m [2msuperbank_solparq::archive[0m[2m:[0m creating S3 archive table parquet [3marchive_kind[0m[2m=[0m"custom:500" [3marchive_name[0m[2m=[0m"custom_994_429599056-429599555" [3marchive_table[0m[2m=[0m"gsfa" [3mtable_name[0m[2m=[0m"gsfa"
[2m2026-06-30T04:47:23.851487Z[0m [32m INFO[0m [2msuperbank_solparq::archive[0m[2m:[0m creating S3 archive table parquet [3marchive_kind[0m[2m=[0m"custom:500" [3marchive_name[0m[2m=[0m"custom_994_429599056-429599555" [3marchive_table[0m[2m=[0m"signatures" [3mtable_name[0m[2m=[0m"signatures"
[2m2026-06-30T04:47:48.593959Z[0m [32m INFO[0m [2msuperbank_solparq::server[0m[2m:[0m checking for archiving tasks [3marchive_types[0m[2m=[0m1
[2m2026-06-30T04:47:48.594004Z[0m [32m INFO[0m [2msuperbank_solparq::server[0m[2m:[0m archive task not started [3marchive_kind[0m[2m=[0m"custom:500" [3mreason[0m[2m=[0m"archive task already running"
[2m2026-06-30T04:48:01.229183Z[0m [32m INFO[0m [2mobject_store::client::get[0m[2m:[0m Encountered error while reading response body: HTTP error: request or response body error. Retrying in 0.1s
[2m2026-06-30T04:48:37.025118Z[0m [32m INFO[0m [2msuperbank_solparq::archive[0m[2m:[0m archive task completed [3marchive_kind[0m[2m=[0m"custom:500" [3marchive_name[0m[2m=[0m"custom_994_429599056-429599555" [3mcleaned_archives[0m[2m=[0m1
[2m2026-06-30T04:48:37.025218Z[0m [32m INFO[0m [2msuperbank_solparq::server[0m[2m:[0m archive task created archive [3marchive_kind[0m[2m=[0m"custom:500" [3marchive_name[0m[2m=[0m"custom_994_429599056-429599555" [3mstart_slot[0m[2m=[0m429599056 [3mend_slot[0m[2m=[0m429599555 [3mdestination[0m[2m=[0m"s3://solparq/archives/test/custom"
[2m2026-06-30T04:48:48.592424Z[0m [32m INFO[0m [2msuperbank_solparq::server[0m[2m:[0m checking for archiving tasks [3marchive_types[0m[2m=[0m1
[2m2026-06-30T04:48:48.592452Z[0m [32m INFO[0m [2msuperbank_solparq::server[0m[2m:[0m checking archive task [3marchive_kind[0m[2m=[0m"custom:500"
[2m2026-06-30T04:48:48.701200Z[0m [32m INFO[0m [2msuperbank_solparq::archive[0m[2m:[0m checking ClickHouse archive source [3marchive_kind[0m[2m=[0m"custom:500" [3mtransactions_table[0m[2m=[0m"transactions" [3mblocks_table[0m[2m=[0m"blocks_metadata"
[2m2026-06-30T04:48:51.578452Z[0m [32m INFO[0m [2msuperbank_solparq::archive[0m[2m:[0m resolved DB archive table set [3marchive_kind[0m[2m=[0m"custom:500" [3marchive_tables[0m[2m=[0m5 [3mskipped_optional_archive_tables[0m[2m=[0m2
[2m2026-06-30T04:48:52.041021Z[0m [32m INFO[0m [2msuperbank_solparq::archive[0m[2m:[0m ClickHouse archive source has slots available [3marchive_kind[0m[2m=[0m"custom:500" [3mearliest_slot[0m[2m=[0m429597556 [3mlatest_slot[0m[2m=[0m429810108 [3mslots_available[0m[2m=[0m212553
[2m2026-06-30T04:48:53.187242Z[0m [32m INFO[0m [2msuperbank_solparq::archive[0m[2m:[0m archive task is ready to run [3marchive_kind[0m[2m=[0m"custom:500" [3marchive_name[0m[2m=[0m"custom_994_429599556-429600055.parquet" [3mstart_slot[0m[2m=[0m429599556 [3mend_slot[0m[2m=[0m429600055
[2m2026-06-30T04:48:55.796931Z[0m [32m INFO[0m [2msuperbank_solparq::archive[0m[2m:[0m archive validation gap summary [3marchive_kind[0m[2m=[0m"custom:500" [3mmissing_block_gap_count[0m[2m=[0m0 [3mmissing_block_ranges[0m[2m=[0m"none" [3mnot_produced_gap_count[0m[2m=[0m0 [3mnot_produced_slot_ranges[0m[2m=[0m"none" [3mtransaction_mismatch_gap_count[0m[2m=[0m0 [3mtransaction_mismatch_ranges[0m[2m=[0m"none" [3mrpc_check_error[0m[2m=[0m"none"
[2m2026-06-30T04:48:56.831017Z[0m [32m INFO[0m [2msuperbank_solparq::archive[0m[2m:[0m creating archive [3marchive_kind[0m[2m=[0m"custom:500" [3marchive_name[0m[2m=[0m"custom_994_429599556-429600055" [3mstart_slot[0m[2m=[0m429599556 [3mend_slot[0m[2m=[0m429600055
[2m2026-06-30T04:48:56.831045Z[0m [32m INFO[0m [2msuperbank_solparq::archive[0m[2m:[0m creating S3 archive table parquet [3marchive_kind[0m[2m=[0m"custom:500" [3marchive_name[0m[2m=[0m"custom_994_429599556-429600055" [3marchive_table[0m[2m=[0m"transactions" [3mtable_name[0m[2m=[0m"transactions"
[2m2026-06-30T04:49:02.037955Z[0m [32m INFO[0m [2msuperbank_solparq::archive[0m[2m:[0m creating S3 archive table parquet [3marchive_kind[0m[2m=[0m"custom:500" [3marchive_name[0m[2m=[0m"custom_994_429599556-429600055" [3marchive_table[0m[2m=[0m"blocks_metadata" [3mtable_name[0m[2m=[0m"blocks_metadata"
[2m2026-06-30T04:49:03.405700Z[0m [32m INFO[0m [2msuperbank_solparq::archive[0m[2m:[0m creating S3 archive table parquet [3marchive_kind[0m[2m=[0m"custom:500" [3marchive_name[0m[2m=[0m"custom_994_429599556-429600055" [3marchive_table[0m[2m=[0m"entries" [3mtable_name[0m[2m=[0m"entries"
[2m2026-06-30T04:49:05.693010Z[0m [32m INFO[0m [2msuperbank_solparq::archive[0m[2m:[0m creating S3 archive table parquet [3marchive_kind[0m[2m=[0m"custom:500" [3marchive_name[0m[2m=[0m"custom_994_429599556-429600055" [3marchive_table[0m[2m=[0m"gsfa" [3mtable_name[0m[2m=[0m"gsfa"
[2m2026-06-30T04:49:25.818174Z[0m [32m INFO[0m [2msuperbank_solparq::archive[0m[2m:[0m creating S3 archive table parquet [3marchive_kind[0m[2m=[0m"custom:500" [3marchive_name[0m[2m=[0m"custom_994_429599556-429600055" [3marchive_table[0m[2m=[0m"signatures" [3mtable_name[0m[2m=[0m"signatures"
[2m2026-06-30T04:49:48.592045Z[0m [32m INFO[0m [2msuperbank_solparq::server[0m[2m:[0m checking for archiving tasks [3marchive_types[0m[2m=[0m1
[2m2026-06-30T04:49:48.592082Z[0m [32m INFO[0m [2msuperbank_solparq::server[0m[2m:[0m archive task not started [3marchive_kind[0m[2m=[0m"custom:500" [3mreason[0m[2m=[0m"archive task already running"
[2m2026-06-30T04:50:03.931894Z[0m [32m INFO[0m [2mobject_store::client::get[0m[2m:[0m Encountered error while reading response body: HTTP error: request or response body error. Retrying in 0.1s
[2m2026-06-30T04:50:47.864357Z[0m [32m INFO[0m [2msuperbank_solparq::archive[0m[2m:[0m archive task completed [3marchive_kind[0m[2m=[0m"custom:500" [3marchive_name[0m[2m=[0m"custom_994_429599556-429600055" [3mcleaned_archives[0m[2m=[0m1
[2m2026-06-30T04:50:47.864463Z[0m [32m INFO[0m [2msuperbank_solparq::server[0m[2m:[0m archive task created archive [3marchive_kind[0m[2m=[0m"custom:500" [3marchive_name[0m[2m=[0m"custom_994_429599556-429600055" [3mstart_slot[0m[2m=[0m429599556 [3mend_slot[0m[2m=[0m429600055 [3mdestination[0m[2m=[0m"s3://solparq/archives/test/custom"
[2m2026-06-30T04:50:48.595030Z[0m [32m INFO[0m [2msuperbank_solparq::server[0m[2m:[0m checking for archiving tasks [3marchive_types[0m[2m=[0m1
[2m2026-06-30T04:50:48.595073Z[0m [32m INFO[0m [2msuperbank_solparq::server[0m[2m:[0m checking archive task [3marchive_kind[0m[2m=[0m"custom:500"
[2m2026-06-30T04:50:48.696617Z[0m [32m INFO[0m [2msuperbank_solparq::archive[0m[2m:[0m checking ClickHouse archive source [3marchive_kind[0m[2m=[0m"custom:500" [3mtransactions_table[0m[2m=[0m"transactions" [3mblocks_table[0m[2m=[0m"blocks_metadata"
[2m2026-06-30T04:50:51.847724Z[0m [32m INFO[0m [2msuperbank_solparq::archive[0m[2m:[0m resolved DB archive table set [3marchive_kind[0m[2m=[0m"custom:500" [3marchive_tables[0m[2m=[0m5 [3mskipped_optional_archive_tables[0m[2m=[0m2
[2m2026-06-30T04:50:52.332331Z[0m [32m INFO[0m [2msuperbank_solparq::archive[0m[2m:[0m ClickHouse archive source has slots available [3marchive_kind[0m[2m=[0m"custom:500" [3mearliest_slot[0m[2m=[0m429597556 [3mlatest_slot[0m[2m=[0m429810406 [3mslots_available[0m[2m=[0m212851
[2m2026-06-30T04:50:53.592793Z[0m [32m INFO[0m [2msuperbank_solparq::archive[0m[2m:[0m archive task is ready to run [3marchive_kind[0m[2m=[0m"custom:500" [3marchive_name[0m[2m=[0m"custom_994_429600056-429600555.parquet" [3mstart_slot[0m[2m=[0m429600056 [3mend_slot[0m[2m=[0m429600555
[2m2026-06-30T04:50:56.602809Z[0m [32m INFO[0m [2msuperbank_solparq::archive[0m[2m:[0m archive validation gap summary [3marchive_kind[0m[2m=[0m"custom:500" [3mmissing_block_gap_count[0m[2m=[0m0 [3mmissing_block_ranges[0m[2m=[0m"none" [3mnot_produced_gap_count[0m[2m=[0m0 [3mnot_produced_slot_ranges[0m[2m=[0m"none" [3mtransaction_mismatch_gap_count[0m[2m=[0m0 [3mtransaction_mismatch_ranges[0m[2m=[0m"none" [3mrpc_check_error[0m[2m=[0m"none"
[2m2026-06-30T04:50:57.677002Z[0m [32m INFO[0m [2msuperbank_solparq::archive[0m[2m:[0m creating archive [3marchive_kind[0m[2m=[0m"custom:500" [3marchive_name[0m[2m=[0m"custom_994_429600056-429600555" [3mstart_slot[0m[2m=[0m429600056 [3mend_slot[0m[2m=[0m429600555
[2m2026-06-30T04:50:57.677050Z[0m [32m INFO[0m [2msuperbank_solparq::archive[0m[2m:[0m creating S3 archive table parquet [3marchive_kind[0m[2m=[0m"custom:500" [3marchive_name[0m[2m=[0m"custom_994_429600056-429600555" [3marchive_table[0m[2m=[0m"transactions" [3mtable_name[0m[2m=[0m"transactions"
[2m2026-06-30T04:51:03.298933Z[0m [32m INFO[0m [2msuperbank_solparq::archive[0m[2m:[0m creating S3 archive table parquet [3marchive_kind[0m[2m=[0m"custom:500" [3marchive_name[0m[2m=[0m"custom_994_429600056-429600555" [3marchive_table[0m[2m=[0m"blocks_metadata" [3mtable_name[0m[2m=[0m"blocks_metadata"
[2m2026-06-30T04:51:04.308654Z[0m [32m INFO[0m [2msuperbank_solparq::archive[0m[2m:[0m creating S3 archive table parquet [3marchive_kind[0m[2m=[0m"custom:500" [3marchive_name[0m[2m=[0m"custom_994_429600056-429600555" [3marchive_table[0m[2m=[0m"entries" [3mtable_name[0m[2m=[0m"entries"
[2m2026-06-30T04:51:06.046751Z[0m [32m INFO[0m [2msuperbank_solparq::archive[0m[2m:[0m creating S3 archive table parquet [3marchive_kind[0m[2m=[0m"custom:500" [3marchive_name[0m[2m=[0m"custom_994_429600056-429600555" [3marchive_table[0m[2m=[0m"gsfa" [3mtable_name[0m[2m=[0m"gsfa"
